<html>
<body>
<pre>
<h1>µVision Build Log</h1>
<h2>Project:</h2>
C:\Aswin(LPC series)\keil\LPC21.uvproj
Project File Date:  06/27/2024

<h2>Output:</h2>
Build target 'Target 1'
compiling LPC_INTERRUPT.c...
LPC_INTERRUPT.c(18): warning:  #951-D: return type of function "main" must be "int"
LPC_INTERRUPT.c(35): warning:  #1-D: last line of file ends without a newline
linking...
Program Size: Code=940 RO-data=16 RW-data=0 ZI-data=1256  
FromELF: creating hex file...
"LPC21.axf" - 0 Error(s), 2 Warning(s).
Build target 'Target 1'
compiling LPC_HW_INTERRUPT.c...
Hardware\LPC_HW_INTERRUPT.c(18): warning:  #951-D: return type of function "main" must be "int"
Hardware\LPC_HW_INTERRUPT.c(35): warning:  #1-D: last line of file ends without a newline
linking...
Program Size: Code=928 RO-data=16 RW-data=0 ZI-data=1256  
FromELF: creating hex file...
"LPC21.axf" - 0 Error(s), 2 Warning(s).
Build target 'Target 1'
compiling LPC_HW_INTERRUPT.c...
Hardware\LPC_HW_INTERRUPT.c(19): warning:  #951-D: return type of function "main" must be "int"
Hardware\LPC_HW_INTERRUPT.c(36): warning:  #1-D: last line of file ends without a newline
linking...
Program Size: Code=932 RO-data=16 RW-data=0 ZI-data=1256  
FromELF: creating hex file...
"LPC21.axf" - 0 Error(s), 2 Warning(s).
Build target 'Target 1'
linking...
Program Size: Code=932 RO-data=16 RW-data=0 ZI-data=1256  
FromELF: creating hex file...
"LPC21.axf" - 0 Error(s), 0 Warning(s).
Build target 'Target 1'
linking...
Program Size: Code=932 RO-data=16 RW-data=0 ZI-data=1256  
FromELF: creating hex file...
"LPC21.axf" - 0 Error(s), 0 Warning(s).
Build target 'Target 1'
linking...
Program Size: Code=932 RO-data=16 RW-data=0 ZI-data=1256  
FromELF: creating hex file...
"LPC21.axf" - 0 Error(s), 0 Warning(s).
Build target 'Target 1'
linking...
Program Size: Code=932 RO-data=16 RW-data=0 ZI-data=1256  
FromELF: creating hex file...
"LPC21.axf" - 0 Error(s), 0 Warning(s).
Build target 'Target 1'
compiling LPC_HW_INTERRUPT.c...
Hardware\LPC_HW_INTERRUPT.c(9): warning:  #951-D: return type of function "main" must be "int"
Hardware\LPC_HW_INTERRUPT.c(20): error:  #20: identifier "isr" is undefined
Target not created
Build target 'Target 1'
compiling LPC_HW_INTERRUPT.c...
Hardware\LPC_HW_INTERRUPT.c(9): warning:  #951-D: return type of function "main" must be "int"
Hardware\LPC_HW_INTERRUPT.c(20): error:  #20: identifier "isr" is undefined
Target not created
Build target 'Target 1'
compiling LPC_HW_INTERRUPT.c...
Hardware\LPC_HW_INTERRUPT.c(19): warning:  #951-D: return type of function "main" must be "int"
Hardware\LPC_HW_INTERRUPT.c(36): warning:  #1-D: last line of file ends without a newline
linking...
Program Size: Code=932 RO-data=16 RW-data=0 ZI-data=1256  
FromELF: creating hex file...
"LPC21.axf" - 0 Error(s), 2 Warning(s).
Build target 'Target 1'
compiling LPC_HW_INTERRUPT.c...
Hardware\LPC_HW_INTERRUPT.c(19): warning:  #951-D: return type of function "main" must be "int"
Hardware\LPC_HW_INTERRUPT.c(36): warning:  #1-D: last line of file ends without a newline
linking...
Program Size: Code=932 RO-data=16 RW-data=0 ZI-data=1256  
FromELF: creating hex file...
"LPC21.axf" - 0 Error(s), 2 Warning(s).
Build target 'Target 1'
linking...
Program Size: Code=932 RO-data=16 RW-data=0 ZI-data=1256  
FromELF: creating hex file...
"LPC21.axf" - 0 Error(s), 0 Warning(s).
Build target 'Target 1'
assembling Startup.s...
compiling LPC_HW_INTERRUPT.c...
Hardware\LPC_HW_INTERRUPT.c(19): warning:  #951-D: return type of function "main" must be "int"
Hardware\LPC_HW_INTERRUPT.c(36): warning:  #1-D: last line of file ends without a newline
linking...
Program Size: Code=932 RO-data=16 RW-data=0 ZI-data=1256  
FromELF: creating hex file...
"LPC21.axf" - 0 Error(s), 2 Warning(s).
Build target 'Target 1'
assembling Startup.s...
compiling LPC_HW_INTERRUPT.c...
Hardware\LPC_HW_INTERRUPT.c(19): warning:  #951-D: return type of function "main" must be "int"
Hardware\LPC_HW_INTERRUPT.c(37): warning:  #1-D: last line of file ends without a newline
linking...
Program Size: Code=940 RO-data=16 RW-data=0 ZI-data=1256  
FromELF: creating hex file...
"LPC21.axf" - 0 Error(s), 2 Warning(s).
Build target 'Target 1'
compiling LPC_HW_INTERRUPT.c...
Hardware\LPC_HW_INTERRUPT.c(19): warning:  #951-D: return type of function "main" must be "int"
Hardware\LPC_HW_INTERRUPT.c(38): warning:  #1-D: last line of file ends without a newline
linking...
Program Size: Code=940 RO-data=16 RW-data=0 ZI-data=1256  
FromELF: creating hex file...
"LPC21.axf" - 0 Error(s), 2 Warning(s).
Build target 'Target 1'
linking...
Program Size: Code=940 RO-data=16 RW-data=0 ZI-data=1256  
FromELF: creating hex file...
"LPC21.axf" - 0 Error(s), 0 Warning(s).
